#-----------------------------------------------------------
# Vivado v2023.1 (64-bit)
# SW Build 3865809 on Sun May  7 15:05:29 MDT 2023
# IP Build 3864474 on Sun May  7 20:36:21 MDT 2023
# SharedData Build 3865790 on Sun May 07 13:33:03 MDT 2023
# Start of session at: Wed Dec 13 14:22:08 2023
# Process ID: 12048
# Current directory: C:/Users/usuario_local/Downloads/Lab06/mi_proyecto/workspace/project_1
# Command line: vivado.exe -gui_launcher_event rodinguilauncherevent5116 C:\Users\usuario_local\Downloads\Lab06\mi_proyecto\workspace\project_1\project_1.xpr
# Log file: C:/Users/usuario_local/Downloads/Lab06/mi_proyecto/workspace/project_1/vivado.log
# Journal file: C:/Users/usuario_local/Downloads/Lab06/mi_proyecto/workspace/project_1\vivado.jou
# Running On: PROFES10, OS: Windows, CPU Frequency: 2112 MHz, CPU Physical cores: 16, Host memory: 34088 MB
#-----------------------------------------------------------
start_gui
open_project C:/Users/usuario_local/Downloads/Lab06/mi_proyecto/workspace/project_1/project_1.xpr
update_compile_order -fileset sources_1
reset_run synth_1
launch_runs impl_1 -to_step write_bitstream -jobs 12
wait_on_run impl_1
open_hw_manager
connect_hw_server -allow_non_jtag
disconnect_hw_server localhost:3121
connect_hw_server -allow_non_jtag
disconnect_hw_server localhost:3121
connect_hw_server -allow_non_jtag
open_hw_target
set_property PROGRAM.FILE {C:/Users/usuario_local/Downloads/Lab06/mi_proyecto/workspace/project_1/project_1.runs/impl_1/MIPSMulticycle.bit} [get_hw_devices xc7a35t_0]
current_hw_device [get_hw_devices xc7a35t_0]
refresh_hw_device -update_hw_probes false [lindex [get_hw_devices xc7a35t_0] 0]
set_property PROBES.FILE {} [get_hw_devices xc7a35t_0]
set_property FULL_PROBES.FILE {} [get_hw_devices xc7a35t_0]
set_property PROGRAM.FILE {C:/Users/usuario_local/Downloads/Lab06/mi_proyecto/workspace/project_1/project_1.runs/impl_1/MIPSMulticycle.bit} [get_hw_devices xc7a35t_0]
program_hw_devices [get_hw_devices xc7a35t_0]
refresh_hw_device [lindex [get_hw_devices xc7a35t_0] 0]
close_hw_manager
